
> website@0.0.0 build
> docusaurus build

[INFO] [zh-Hant] Creating an optimized production build...

[ERROR] Error: Unable to build website for locale zh-Hant.
    at tryToBuildLocale (/Users/qiuliwen/Documents/工程師/project/liwendocusaurus/node_modules/@docusaurus/core/lib/commands/build/build.js:76:15)
    at async /Users/qiuliwen/Documents/工程師/project/liwendocusaurus/node_modules/@docusaurus/core/lib/commands/build/build.js:34:9
    at async mapAsyncSequential (/Users/qiuliwen/Documents/工程師/project/liwendocusaurus/node_modules/@docusaurus/utils/lib/jsUtils.js:21:24)
    at async Command.build (/Users/qiuliwen/Documents/工程師/project/liwendocusaurus/node_modules/@docusaurus/core/lib/commands/build/build.js:33:5)
    at async Promise.all (index 0)
    at async runCLI (/Users/qiuliwen/Documents/工程師/project/liwendocusaurus/node_modules/@docusaurus/core/lib/commands/cli.js:56:5)
    at async file:///Users/qiuliwen/Documents/%E5%B7%A5%E7%A8%8B%E5%B8%AB/project/liwendocusaurus/node_modules/@docusaurus/core/bin/docusaurus.mjs:44:3 {
  [cause]: Error: Docusaurus found broken links!
  
  Please check the pages of your site in the list below, and make sure you don't reference any path that does not exist.
  Note: it's possible to ignore broken links with the 'onBrokenLinks' Docusaurus configuration, and let the build pass.
  
  It looks like some of the broken links we found appear in many pages of your site.
  Maybe those broken links appear on all pages through your site layout?
  We recommend that you check your theme configuration for such links (particularly, theme navbar and footer).
  Frequent broken links are linking to:
  - /docs/01-learning/next-js-notes/day-01
  - /docs/01-learning/hexschool/react-course/course-notes-js-fundamentals
  
  Exhaustive list of all broken links found:
  - Broken link on source page path = /404.html:
     -> linking to /docs/01-learning/next-js-notes/day-01
     -> linking to /docs/01-learning/hexschool/react-course/course-notes-js-fundamentals
  - Broken link on source page path = /about:
     -> linking to /docs/01-learning/next-js-notes/day-01
     -> linking to /docs/01-learning/hexschool/react-course/course-notes-js-fundamentals
  - Broken link on source page path = /blog:
     -> linking to /docs/01-learning/next-js-notes/day-01
     -> linking to /docs/01-learning/hexschool/react-course/course-notes-js-fundamentals
  - Broken link on source page path = /blog/ai-coding-reflection:
     -> linking to /docs/01-learning/next-js-notes/day-01
     -> linking to /docs/01-learning/hexschool/react-course/course-notes-js-fundamentals
  - Broken link on source page path = /blog/ai-development-uncanny-valley:
     -> linking to /docs/01-learning/next-js-notes/day-01
     -> linking to /docs/01-learning/hexschool/react-course/course-notes-js-fundamentals
  - Broken link on source page path = /blog/ai-vibe-coding:
     -> linking to /docs/01-learning/next-js-notes/day-01
     -> linking to /docs/01-learning/hexschool/react-course/course-notes-js-fundamentals
  - Broken link on source page path = /blog/archive:
     -> linking to /docs/01-learning/next-js-notes/day-01
     -> linking to /docs/01-learning/hexschool/react-course/course-notes-js-fundamentals
  - Broken link on source page path = /blog/authors:
     -> linking to /docs/01-learning/next-js-notes/day-01
     -> linking to /docs/01-learning/hexschool/react-course/course-notes-js-fundamentals
  - Broken link on source page path = /blog/engineer-evaluation-psychology:
     -> linking to /docs/01-learning/next-js-notes/day-01
     -> linking to /docs/01-learning/hexschool/react-course/course-notes-js-fundamentals
  - Broken link on source page path = /blog/ezdcbot:
     -> linking to /docs/01-learning/next-js-notes/day-01
     -> linking to /docs/01-learning/hexschool/react-course/course-notes-js-fundamentals
  - Broken link on source page path = /blog/imposter-syndrome:
     -> linking to /docs/01-learning/next-js-notes/day-01
     -> linking to /docs/01-learning/hexschool/react-course/course-notes-js-fundamentals
  - Broken link on source page path = /blog/mis-daily-rant:
     -> linking to /docs/01-learning/next-js-notes/day-01
     -> linking to /docs/01-learning/hexschool/react-course/course-notes-js-fundamentals
  - Broken link on source page path = /blog/nextjs-deployment-cloudflare-pages-struggle:
     -> linking to /docs/01-learning/next-js-notes/day-01
     -> linking to /docs/01-learning/hexschool/react-course/course-notes-js-fundamentals
  - Broken link on source page path = /blog/tags:
     -> linking to /docs/01-learning/next-js-notes/day-01
     -> linking to /docs/01-learning/hexschool/react-course/course-notes-js-fundamentals
  - Broken link on source page path = /blog/tags/ai:
     -> linking to /docs/01-learning/next-js-notes/day-01
     -> linking to /docs/01-learning/hexschool/react-course/course-notes-js-fundamentals
  - Broken link on source page path = /blog/tags/ai協作:
     -> linking to /docs/01-learning/next-js-notes/day-01
     -> linking to /docs/01-learning/hexschool/react-course/course-notes-js-fundamentals
  - Broken link on source page path = /blog/tags/cloudflare:
     -> linking to /docs/01-learning/next-js-notes/day-01
     -> linking to /docs/01-learning/hexschool/react-course/course-notes-js-fundamentals
  - Broken link on source page path = /blog/tags/discord:
     -> linking to /docs/01-learning/next-js-notes/day-01
     -> linking to /docs/01-learning/hexschool/react-course/course-notes-js-fundamentals
  - Broken link on source page path = /blog/tags/next-js:
     -> linking to /docs/01-learning/next-js-notes/day-01
     -> linking to /docs/01-learning/hexschool/react-course/course-notes-js-fundamentals
  - Broken link on source page path = /blog/tags/node-js:
     -> linking to /docs/01-learning/next-js-notes/day-01
     -> linking to /docs/01-learning/hexschool/react-course/course-notes-js-fundamentals
  - Broken link on source page path = /blog/tags/open-source:
     -> linking to /docs/01-learning/next-js-notes/day-01
     -> linking to /docs/01-learning/hexschool/react-course/course-notes-js-fundamentals
  - Broken link on source page path = /blog/tags/security:
     -> linking to /docs/01-learning/next-js-notes/day-01
     -> linking to /docs/01-learning/hexschool/react-course/course-notes-js-fundamentals
  - Broken link on source page path = /blog/tags/serverless:
     -> linking to /docs/01-learning/next-js-notes/day-01
     -> linking to /docs/01-learning/hexschool/react-course/course-notes-js-fundamentals
  - Broken link on source page path = /blog/tags/工作心法:
     -> linking to /docs/01-learning/next-js-notes/day-01
     -> linking to /docs/01-learning/hexschool/react-course/course-notes-js-fundamentals
  - Broken link on source page path = /blog/tags/工程文化:
     -> linking to /docs/01-learning/next-js-notes/day-01
     -> linking to /docs/01-learning/hexschool/react-course/course-notes-js-fundamentals
  - Broken link on source page path = /blog/tags/心法:
     -> linking to /docs/01-learning/next-js-notes/day-01
     -> linking to /docs/01-learning/hexschool/react-course/course-notes-js-fundamentals
  - Broken link on source page path = /blog/tags/心理學:
     -> linking to /docs/01-learning/next-js-notes/day-01
     -> linking to /docs/01-learning/hexschool/react-course/course-notes-js-fundamentals
  - Broken link on source page path = /blog/tags/心理成長:
     -> linking to /docs/01-learning/next-js-notes/day-01
     -> linking to /docs/01-learning/hexschool/react-course/course-notes-js-fundamentals
  - Broken link on source page path = /blog/tags/生活紀錄:
     -> linking to /docs/01-learning/next-js-notes/day-01
     -> linking to /docs/01-learning/hexschool/react-course/course-notes-js-fundamentals
  - Broken link on source page path = /blog/tags/職場:
     -> linking to /docs/01-learning/next-js-notes/day-01
     -> linking to /docs/01-learning/hexschool/react-course/course-notes-js-fundamentals
  - Broken link on source page path = /blog/tags/職涯心理:
     -> linking to /docs/01-learning/next-js-notes/day-01
     -> linking to /docs/01-learning/hexschool/react-course/course-notes-js-fundamentals
  - Broken link on source page path = /blog/tags/職涯發展:
     -> linking to /docs/01-learning/next-js-notes/day-01
     -> linking to /docs/01-learning/hexschool/react-course/course-notes-js-fundamentals
  - Broken link on source page path = /blog/tags/育兒:
     -> linking to /docs/01-learning/next-js-notes/day-01
     -> linking to /docs/01-learning/hexschool/react-course/course-notes-js-fundamentals
  - Broken link on source page path = /blog/tags/隨筆:
     -> linking to /docs/01-learning/next-js-notes/day-01
     -> linking to /docs/01-learning/hexschool/react-course/course-notes-js-fundamentals
  - Broken link on source page path = /blog/tags/雲端部署:
     -> linking to /docs/01-learning/next-js-notes/day-01
     -> linking to /docs/01-learning/hexschool/react-course/course-notes-js-fundamentals
  - Broken link on source page path = /blog/tech-optimization-vs-wishlist:
     -> linking to /docs/01-learning/next-js-notes/day-01
     -> linking to /docs/01-learning/hexschool/react-course/course-notes-js-fundamentals
  - Broken link on source page path = /blog/weekend-dad-full-time-heart:
     -> linking to /docs/01-learning/next-js-notes/day-01
     -> linking to /docs/01-learning/hexschool/react-course/course-notes-js-fundamentals
  - Broken link on source page path = /docs/tags:
     -> linking to /docs/01-learning/next-js-notes/day-01
     -> linking to /docs/01-learning/hexschool/react-course/course-notes-js-fundamentals
  - Broken link on source page path = /docs/tags/react:
     -> linking to /docs/01-learning/next-js-notes/day-01
     -> linking to /docs/01-learning/hexschool/react-course/course-notes-js-fundamentals
  - Broken link on source page path = /docs/tags/六角學院:
     -> linking to /docs/01-learning/next-js-notes/day-01
     -> linking to /docs/01-learning/hexschool/react-course/course-notes-js-fundamentals
  - Broken link on source page path = /docs:
     -> linking to /docs/01-learning/hexschool/react-course/course-notes-js-fundamentals
     -> linking to /docs/01-learning/next-js-notes/day-01
     -> linking to /docs/02-engineering/software-development
     -> linking to /docs/02-engineering/ainotes/antigravity-global-skills
  - Broken link on source page path = /docs/category/ezdcbot-開發筆記:
     -> linking to /docs/01-learning/next-js-notes/day-01
     -> linking to /docs/01-learning/hexschool/react-course/course-notes-js-fundamentals
  - Broken link on source page path = /docs/category/liwen-studio-接案兵法:
     -> linking to /docs/01-learning/next-js-notes/day-01
     -> linking to /docs/01-learning/hexschool/react-course/course-notes-js-fundamentals
  - Broken link on source page path = /docs/category/sop-核心文件庫:
     -> linking to /docs/01-learning/next-js-notes/day-01
     -> linking to /docs/01-learning/hexschool/react-course/course-notes-js-fundamentals
  - Broken link on source page path = /docs/category/個人專案與小工具:
     -> linking to /docs/01-learning/next-js-notes/day-01
     -> linking to /docs/01-learning/hexschool/react-course/course-notes-js-fundamentals
  - Broken link on source page path = /docs/category/軟體開發筆記:
     -> linking to /docs/01-learning/next-js-notes/day-01
     -> linking to /docs/01-learning/hexschool/react-course/course-notes-js-fundamentals
  - Broken link on source page path = /docs/engineering:
     -> linking to /docs/01-learning/next-js-notes/day-01
     -> linking to /docs/01-learning/hexschool/react-course/course-notes-js-fundamentals
  - Broken link on source page path = /docs/engineering/ainotes/antigravity-global-skills:
     -> linking to /docs/01-learning/next-js-notes/day-01
     -> linking to /docs/01-learning/hexschool/react-course/course-notes-js-fundamentals
  - Broken link on source page path = /docs/engineering/npm-packages/dotenv:
     -> linking to /docs/01-learning/next-js-notes/day-01
     -> linking to /docs/01-learning/hexschool/react-course/course-notes-js-fundamentals
  - Broken link on source page path = /docs/engineering/npm-packages/ezdcbot:
     -> linking to ../../03-projects-business/side-projects/ezdcbot/00-intro (resolved as: /docs/03-projects-business/side-projects/ezdcbot/00-intro)
     -> linking to /docs/01-learning/next-js-notes/day-01
     -> linking to /docs/01-learning/hexschool/react-course/course-notes-js-fundamentals
  - Broken link on source page path = /docs/engineering/npm-packages/intro:
     -> linking to /docs/01-learning/next-js-notes/day-01
     -> linking to /docs/01-learning/hexschool/react-course/course-notes-js-fundamentals
  - Broken link on source page path = /docs/engineering/npm-packages/uuid:
     -> linking to /docs/01-learning/next-js-notes/day-01
     -> linking to /docs/01-learning/hexschool/react-course/course-notes-js-fundamentals
  - Broken link on source page path = /docs/engineering/npm-packages/webserver:
     -> linking to /docs/01-learning/next-js-notes/day-01
     -> linking to /docs/01-learning/hexschool/react-course/course-notes-js-fundamentals
  - Broken link on source page path = /docs/learning:
     -> linking to /docs/01-learning/next-js-notes/day-01
     -> linking to /docs/01-learning/hexschool/react-course/course-notes-js-fundamentals
  - Broken link on source page path = /docs/learning/hexschool/nodejs-course/06-1-nodejs-env-server:
     -> linking to /docs/01-learning/next-js-notes/day-01
     -> linking to /docs/01-learning/hexschool/react-course/course-notes-js-fundamentals
  - Broken link on source page path = /docs/learning/hexschool/nodejs-course/06-2-nodejs-response-handler:
     -> linking to /docs/01-learning/next-js-notes/day-01
     -> linking to /docs/01-learning/hexschool/react-course/course-notes-js-fundamentals
  - Broken link on source page path = /docs/learning/hexschool/nodejs-course/06-3-nodejs-restful-get-delete:
     -> linking to /docs/01-learning/next-js-notes/day-01
     -> linking to /docs/01-learning/hexschool/react-course/course-notes-js-fundamentals
  - Broken link on source page path = /docs/learning/hexschool/nodejs-course/06-4-nodejs-restful-post-patch:
     -> linking to /docs/01-learning/next-js-notes/day-01
     -> linking to /docs/01-learning/hexschool/react-course/course-notes-js-fundamentals
  - Broken link on source page path = /docs/learning/hexschool/nodejs-course/async-await-refactoring:
     -> linking to /docs/01-learning/next-js-notes/day-01
     -> linking to /docs/01-learning/hexschool/react-course/course-notes-js-fundamentals
  - Broken link on source page path = /docs/learning/hexschool/nodejs-course/async-promise-basics:
     -> linking to /docs/01-learning/next-js-notes/day-01
     -> linking to /docs/01-learning/hexschool/react-course/course-notes-js-fundamentals
  - Broken link on source page path = /docs/learning/hexschool/nodejs-course/core-modules:
     -> linking to /docs/01-learning/next-js-notes/day-01
     -> linking to /docs/01-learning/hexschool/react-course/course-notes-js-fundamentals
  - Broken link on source page path = /docs/learning/hexschool/nodejs-course/environment-setup:
     -> linking to /docs/01-learning/next-js-notes/day-01
     -> linking to /docs/01-learning/hexschool/react-course/course-notes-js-fundamentals
  - Broken link on source page path = /docs/learning/hexschool/nodejs-course/intro:
     -> linking to /docs/01-learning/next-js-notes/day-01
     -> linking to /docs/01-learning/hexschool/react-course/course-notes-js-fundamentals
  - Broken link on source page path = /docs/learning/hexschool/nodejs-course/nodejs-architecture:
     -> linking to /docs/01-learning/next-js-notes/day-01
     -> linking to /docs/01-learning/hexschool/react-course/course-notes-js-fundamentals
  - Broken link on source page path = /docs/learning/hexschool/nodejs-course/npm-ecosystem:
     -> linking to /docs/01-learning/next-js-notes/day-01
     -> linking to /docs/01-learning/hexschool/react-course/course-notes-js-fundamentals
  - Broken link on source page path = /docs/learning/hexschool/nodejs-course/promise-chaining-and-catch:
     -> linking to /docs/01-learning/next-js-notes/day-01
     -> linking to /docs/01-learning/hexschool/react-course/course-notes-js-fundamentals
  - Broken link on source page path = /docs/learning/hexschool/react-basics/react-cdn-usage:
     -> linking to /docs/01-learning/next-js-notes/day-01
     -> linking to /docs/01-learning/hexschool/react-course/course-notes-js-fundamentals
  - Broken link on source page path = /docs/learning/hexschool/react-basics/react-hook-form:
     -> linking to /docs/01-learning/next-js-notes/day-01
     -> linking to /docs/01-learning/hexschool/react-course/course-notes-js-fundamentals
  - Broken link on source page path = /docs/learning/hexschool/react-basics/react-router:
     -> linking to /docs/01-learning/next-js-notes/day-01
     -> linking to /docs/01-learning/hexschool/react-course/course-notes-js-fundamentals
  - Broken link on source page path = /docs/learning/hexschool/react-basics/react-use-effect:
     -> linking to /docs/01-learning/next-js-notes/day-01
     -> linking to /docs/01-learning/hexschool/react-course/course-notes-js-fundamentals
  - Broken link on source page path = /docs/learning/hexschool/react-basics/react-use-ref:
     -> linking to /docs/01-learning/next-js-notes/day-01
     -> linking to /docs/01-learning/hexschool/react-course/course-notes-js-fundamentals
  - Broken link on source page path = /docs/learning/hexschool/react-basics/react-use-state:
     -> linking to /docs/01-learning/next-js-notes/day-01
     -> linking to /docs/01-learning/hexschool/react-course/course-notes-js-fundamentals
  - Broken link on source page path = /docs/learning/hexschool/react-basics/redux-toolkit:
     -> linking to /docs/01-learning/next-js-notes/day-01
     -> linking to /docs/01-learning/hexschool/react-course/course-notes-js-fundamentals
  - Broken link on source page path = /docs/learning/hexschool/react-basics/swiper-tutorial:
     -> linking to /docs/01-learning/next-js-notes/day-01
     -> linking to /docs/01-learning/hexschool/react-course/course-notes-js-fundamentals
  - Broken link on source page path = /docs/learning/hexschool/react-basics/vite-setup-guide:
     -> linking to /docs/01-learning/next-js-notes/day-01
     -> linking to /docs/01-learning/hexschool/react-course/course-notes-js-fundamentals
  - Broken link on source page path = /docs/learning/hexschool/react-course/course-notes-js-fundamentals:
     -> linking to /docs/01-learning/next-js-notes/day-01
     -> linking to /docs/01-learning/hexschool/react-course/course-notes-js-fundamentals
  - Broken link on source page path = /docs/learning/hexschool/react-course/course-notes-restful-api:
     -> linking to /docs/01-learning/next-js-notes/day-01
     -> linking to /docs/01-learning/hexschool/react-course/course-notes-js-fundamentals
  - Broken link on source page path = /docs/learning/next-js-notes/day-01:
     -> linking to /docs/01-learning/next-js-notes/day-01
     -> linking to /docs/01-learning/hexschool/react-course/course-notes-js-fundamentals
  - Broken link on source page path = /docs/learning/next-js-notes/day-02:
     -> linking to /docs/01-learning/next-js-notes/day-01
     -> linking to /docs/01-learning/hexschool/react-course/course-notes-js-fundamentals
  - Broken link on source page path = /docs/learning/next-js-notes/day-03:
     -> linking to /docs/01-learning/next-js-notes/day-01
     -> linking to /docs/01-learning/hexschool/react-course/course-notes-js-fundamentals
  - Broken link on source page path = /docs/learning/next-js-notes/day-04:
     -> linking to /docs/01-learning/next-js-notes/day-01
     -> linking to /docs/01-learning/hexschool/react-course/course-notes-js-fundamentals
  - Broken link on source page path = /docs/learning/next-js-notes/day-05:
     -> linking to /docs/01-learning/next-js-notes/day-01
     -> linking to /docs/01-learning/hexschool/react-course/course-notes-js-fundamentals
  - Broken link on source page path = /docs/learning/next-js-notes/day-06:
     -> linking to /docs/01-learning/next-js-notes/day-01
     -> linking to /docs/01-learning/hexschool/react-course/course-notes-js-fundamentals
  - Broken link on source page path = /docs/learning/next-js-notes/day-07:
     -> linking to /docs/01-learning/next-js-notes/day-01
     -> linking to /docs/01-learning/hexschool/react-course/course-notes-js-fundamentals
  - Broken link on source page path = /docs/learning/next-js-notes/day-08:
     -> linking to /docs/01-learning/next-js-notes/day-01
     -> linking to /docs/01-learning/hexschool/react-course/course-notes-js-fundamentals
  - Broken link on source page path = /docs/learning/next-js-notes/day-09:
     -> linking to /docs/01-learning/next-js-notes/day-01
     -> linking to /docs/01-learning/hexschool/react-course/course-notes-js-fundamentals
  - Broken link on source page path = /docs/learning/next-js-notes/day-10:
     -> linking to /docs/01-learning/next-js-notes/day-01
     -> linking to /docs/01-learning/hexschool/react-course/course-notes-js-fundamentals
  - Broken link on source page path = /docs/learning/next-js-notes/day-11:
     -> linking to /docs/01-learning/next-js-notes/day-01
     -> linking to /docs/01-learning/hexschool/react-course/course-notes-js-fundamentals
  - Broken link on source page path = /docs/learning/next-js-notes/day-12:
     -> linking to /docs/01-learning/next-js-notes/day-01
     -> linking to /docs/01-learning/hexschool/react-course/course-notes-js-fundamentals
  - Broken link on source page path = /docs/learning/next-js-notes/day-13:
     -> linking to /docs/01-learning/next-js-notes/day-01
     -> linking to /docs/01-learning/hexschool/react-course/course-notes-js-fundamentals
  - Broken link on source page path = /docs/learning/next-js-notes/day-14:
     -> linking to /docs/01-learning/next-js-notes/day-01
     -> linking to /docs/01-learning/hexschool/react-course/course-notes-js-fundamentals
  - Broken link on source page path = /docs/learning/next-js-notes/day-15:
     -> linking to /docs/01-learning/next-js-notes/day-01
     -> linking to /docs/01-learning/hexschool/react-course/course-notes-js-fundamentals
  - Broken link on source page path = /docs/learning/next-js-notes/day-16:
     -> linking to /docs/01-learning/next-js-notes/day-01
     -> linking to /docs/01-learning/hexschool/react-course/course-notes-js-fundamentals
  - Broken link on source page path = /docs/learning/next-js-notes/day-17:
     -> linking to /docs/01-learning/next-js-notes/day-01
     -> linking to /docs/01-learning/hexschool/react-course/course-notes-js-fundamentals
  - Broken link on source page path = /docs/learning/next-js-notes/day-18:
     -> linking to /docs/01-learning/next-js-notes/day-01
     -> linking to /docs/01-learning/hexschool/react-course/course-notes-js-fundamentals
  - Broken link on source page path = /docs/learning/next-js-notes/day-19:
     -> linking to /docs/01-learning/next-js-notes/day-01
     -> linking to /docs/01-learning/hexschool/react-course/course-notes-js-fundamentals
  - Broken link on source page path = /docs/learning/next-js-notes/day-20:
     -> linking to /docs/01-learning/next-js-notes/day-01
     -> linking to /docs/01-learning/hexschool/react-course/course-notes-js-fundamentals
  - Broken link on source page path = /docs/learning/next-js-notes/day-21:
     -> linking to /docs/01-learning/next-js-notes/day-01
     -> linking to /docs/01-learning/hexschool/react-course/course-notes-js-fundamentals
  - Broken link on source page path = /docs/learning/next-js-notes/day-22:
     -> linking to /docs/01-learning/next-js-notes/day-01
     -> linking to /docs/01-learning/hexschool/react-course/course-notes-js-fundamentals
  - Broken link on source page path = /docs/learning/next-js-notes/day-23:
     -> linking to /docs/01-learning/next-js-notes/day-01
     -> linking to /docs/01-learning/hexschool/react-course/course-notes-js-fundamentals
  - Broken link on source page path = /docs/learning/next-js-notes/day-24:
     -> linking to /docs/01-learning/next-js-notes/day-01
     -> linking to /docs/01-learning/hexschool/react-course/course-notes-js-fundamentals
  - Broken link on source page path = /docs/learning/next-js-notes/day-25:
     -> linking to /docs/01-learning/next-js-notes/day-01
     -> linking to /docs/01-learning/hexschool/react-course/course-notes-js-fundamentals
  - Broken link on source page path = /docs/learning/next-js-notes/day-26:
     -> linking to /docs/01-learning/next-js-notes/day-01
     -> linking to /docs/01-learning/hexschool/react-course/course-notes-js-fundamentals
  - Broken link on source page path = /docs/learning/next-js-notes/day-27:
     -> linking to /docs/01-learning/next-js-notes/day-01
     -> linking to /docs/01-learning/hexschool/react-course/course-notes-js-fundamentals
  - Broken link on source page path = /docs/learning/next-js-notes/day-28:
     -> linking to /docs/01-learning/next-js-notes/day-01
     -> linking to /docs/01-learning/hexschool/react-course/course-notes-js-fundamentals
  - Broken link on source page path = /docs/learning/next-js-notes/day-29:
     -> linking to /docs/01-learning/next-js-notes/day-01
     -> linking to /docs/01-learning/hexschool/react-course/course-notes-js-fundamentals
  - Broken link on source page path = /docs/learning/next-js-notes/day-30:
     -> linking to /docs/01-learning/next-js-notes/day-01
     -> linking to /docs/01-learning/hexschool/react-course/course-notes-js-fundamentals
  - Broken link on source page path = /docs/liwen-sop:
     -> linking to /docs/01-learning/next-js-notes/day-01
     -> linking to /docs/01-learning/hexschool/react-course/course-notes-js-fundamentals
  - Broken link on source page path = /docs/liwen-sop/sop-documents/internal-assessment:
     -> linking to /docs/01-learning/next-js-notes/day-01
     -> linking to /docs/01-learning/hexschool/react-course/course-notes-js-fundamentals
  - Broken link on source page path = /docs/liwen-sop/sop-documents/interview:
     -> linking to /docs/01-learning/next-js-notes/day-01
     -> linking to /docs/01-learning/hexschool/react-course/course-notes-js-fundamentals
  - Broken link on source page path = /docs/liwen-sop/sop-documents/prd:
     -> linking to /docs/01-learning/next-js-notes/day-01
     -> linking to /docs/01-learning/hexschool/react-course/course-notes-js-fundamentals
  - Broken link on source page path = /docs/liwen-sop/sop-documents/system-analysis:
     -> linking to /docs/01-learning/next-js-notes/day-01
     -> linking to /docs/01-learning/hexschool/react-course/course-notes-js-fundamentals
  - Broken link on source page path = /docs/liwen-sop/sop-documents/tech-spec:
     -> linking to /docs/01-learning/next-js-notes/day-01
     -> linking to /docs/01-learning/hexschool/react-course/course-notes-js-fundamentals
  - Broken link on source page path = /docs/projects-and-business:
     -> linking to /docs/01-learning/next-js-notes/day-01
     -> linking to /docs/01-learning/hexschool/react-course/course-notes-js-fundamentals
  - Broken link on source page path = /docs/projects-business/side-projects/ezdcbot/api-design:
     -> linking to /docs/01-learning/next-js-notes/day-01
     -> linking to /docs/01-learning/hexschool/react-course/course-notes-js-fundamentals
  - Broken link on source page path = /docs/projects-business/side-projects/ezdcbot/architecture:
     -> linking to /docs/01-learning/next-js-notes/day-01
     -> linking to /docs/01-learning/hexschool/react-course/course-notes-js-fundamentals
  - Broken link on source page path = /docs/projects-business/side-projects/ezdcbot/embed-and-error-handling:
     -> linking to /docs/01-learning/next-js-notes/day-01
     -> linking to /docs/01-learning/hexschool/react-course/course-notes-js-fundamentals
  - Broken link on source page path = /docs/projects-business/side-projects/ezdcbot/intro:
     -> linking to /docs/01-learning/next-js-notes/day-01
     -> linking to /docs/01-learning/hexschool/react-course/course-notes-js-fundamentals
  - Broken link on source page path = /docs/software-development:
     -> linking to /docs/01-learning/next-js-notes/day-01
     -> linking to /docs/01-learning/hexschool/react-course/course-notes-js-fundamentals
  - Broken link on source page path = /:
     -> linking to /docs/01-learning/next-js-notes/day-01
     -> linking to /docs/01-learning/hexschool/react-course/course-notes-js-fundamentals
  
      at throwError (/Users/qiuliwen/Documents/工程師/project/liwendocusaurus/node_modules/@docusaurus/logger/lib/logger.js:80:11)
      at reportBrokenLinks (/Users/qiuliwen/Documents/工程師/project/liwendocusaurus/node_modules/@docusaurus/core/lib/server/brokenLinks.js:250:47)
      at handleBrokenLinks (/Users/qiuliwen/Documents/工程師/project/liwendocusaurus/node_modules/@docusaurus/core/lib/server/brokenLinks.js:282:5)
      at executeBrokenLinksCheck (/Users/qiuliwen/Documents/工程師/project/liwendocusaurus/node_modules/@docusaurus/core/lib/commands/build/buildLocale.js:123:47)
      at /Users/qiuliwen/Documents/工程師/project/liwendocusaurus/node_modules/@docusaurus/core/lib/commands/build/buildLocale.js:98:67
      at Object.async (/Users/qiuliwen/Documents/工程師/project/liwendocusaurus/node_modules/@docusaurus/logger/lib/perfLogger.js:42:47)
      at buildLocale (/Users/qiuliwen/Documents/工程師/project/liwendocusaurus/node_modules/@docusaurus/core/lib/commands/build/buildLocale.js:98:31)
      at async runBuildLocaleTask (/Users/qiuliwen/Documents/工程師/project/liwendocusaurus/node_modules/@docusaurus/core/lib/commands/build/build.js:91:5)
      at async /Users/qiuliwen/Documents/工程師/project/liwendocusaurus/node_modules/@docusaurus/core/lib/commands/build/build.js:72:13
      at async tryToBuildLocale (/Users/qiuliwen/Documents/工程師/project/liwendocusaurus/node_modules/@docusaurus/core/lib/commands/build/build.js:68:9)
}
[INFO] Docusaurus version: 3.10.1
Node version: v20.13.1
