
> website@0.0.0 build
> docusaurus build

[INFO] [zh-Hant] Creating an optimized production build...

[ERROR] Error: Unable to build website for locale zh-Hant.
    at tryToBuildLocale (/Users/qiuliwen/Documents/工程師/project/liwendocusaurus/node_modules/@docusaurus/core/lib/commands/build/build.js:76:15)
    at async /Users/qiuliwen/Documents/工程師/project/liwendocusaurus/node_modules/@docusaurus/core/lib/commands/build/build.js:34:9
    at async mapAsyncSequential (/Users/qiuliwen/Documents/工程師/project/liwendocusaurus/node_modules/@docusaurus/utils/lib/jsUtils.js:21:24)
    at async Command.build (/Users/qiuliwen/Documents/工程師/project/liwendocusaurus/node_modules/@docusaurus/core/lib/commands/build/build.js:33:5)
    at async Promise.all (index 0)
    at async runCLI (/Users/qiuliwen/Documents/工程師/project/liwendocusaurus/node_modules/@docusaurus/core/lib/commands/cli.js:56:5)
    at async file:///Users/qiuliwen/Documents/%E5%B7%A5%E7%A8%8B%E5%B8%AB/project/liwendocusaurus/node_modules/@docusaurus/core/bin/docusaurus.mjs:44:3 {
  [cause]: Error: Docusaurus found broken links!
  
  Please check the pages of your site in the list below, and make sure you don't reference any path that does not exist.
  Note: it's possible to ignore broken links with the 'onBrokenLinks' Docusaurus configuration, and let the build pass.
  
  Exhaustive list of all broken links found:
  - Broken link on source page path = /docs:
     -> linking to /docs/hexschool/2026-nodejs-course/intro
  
      at throwError (/Users/qiuliwen/Documents/工程師/project/liwendocusaurus/node_modules/@docusaurus/logger/lib/logger.js:80:11)
      at reportBrokenLinks (/Users/qiuliwen/Documents/工程師/project/liwendocusaurus/node_modules/@docusaurus/core/lib/server/brokenLinks.js:250:47)
      at handleBrokenLinks (/Users/qiuliwen/Documents/工程師/project/liwendocusaurus/node_modules/@docusaurus/core/lib/server/brokenLinks.js:282:5)
      at executeBrokenLinksCheck (/Users/qiuliwen/Documents/工程師/project/liwendocusaurus/node_modules/@docusaurus/core/lib/commands/build/buildLocale.js:123:47)
      at /Users/qiuliwen/Documents/工程師/project/liwendocusaurus/node_modules/@docusaurus/core/lib/commands/build/buildLocale.js:98:67
      at Object.async (/Users/qiuliwen/Documents/工程師/project/liwendocusaurus/node_modules/@docusaurus/logger/lib/perfLogger.js:42:47)
      at buildLocale (/Users/qiuliwen/Documents/工程師/project/liwendocusaurus/node_modules/@docusaurus/core/lib/commands/build/buildLocale.js:98:31)
      at async runBuildLocaleTask (/Users/qiuliwen/Documents/工程師/project/liwendocusaurus/node_modules/@docusaurus/core/lib/commands/build/build.js:91:5)
      at async /Users/qiuliwen/Documents/工程師/project/liwendocusaurus/node_modules/@docusaurus/core/lib/commands/build/build.js:72:13
      at async tryToBuildLocale (/Users/qiuliwen/Documents/工程師/project/liwendocusaurus/node_modules/@docusaurus/core/lib/commands/build/build.js:68:9)
}
[INFO] Docusaurus version: 3.10.1
Node version: v20.13.1
